resolvendo conflitos.

quando se faz uma alteração nem algum arquivo  e ao tentar subir , outra alteração já foi empurrada para o repositorio remoto,  e a
alteração é na mesma linha,  ao tentarmos fazer o push  ocorrerá um erro.
abaixo o exemplo de resolução:


																	AQUI O ARQUIVO README.MD FOI EDITADO
Kzma_@Kzma-Dell-6JHUJH MINGW64 /c/workspace/livro-receitas (master)
$ git status
On branch master
Changes not staged for commit:
  (use "git add <file>..." to update what will be committed)
  (use "git restore <file>..." to discard changes in working directory)
        modified:   README.MD

no changes added to commit (use "git add" and/or "git commit -a")

Kzma_@Kzma-Dell-6JHUJH MINGW64 /c/workspace/livro-receitas (master)
$ git add *															AQUI A ALTERAÇÃO É ADDICIONADA AO STAGE
warning: LF will be replaced by CRLF in README.MD.
The file will have its original line endings in your working directory

Kzma_@Kzma-Dell-6JHUJH MINGW64 /c/workspace/livro-receitas (master)
$ git status
On branch master
Changes to be committed:
  (use "git restore --staged <file>..." to unstage)
        modified:   README.MD


Kzma_@Kzma-Dell-6JHUJH MINGW64 /c/workspace/livro-receitas (master)
$ git commit -m "adiciona pave no readme"							AQUI É FEITO UM NOVO COMMIT
[master d06fd3b] adiciona pave no readme
 1 file changed, 2 insertions(+), 1 deletion(-)

Kzma_@Kzma-Dell-6JHUJH MINGW64 /c/workspace/livro-receitas (master)
$ git status
On branch master
nothing to commit, working tree clean

Kzma_@Kzma-Dell-6JHUJH MINGW64 /c/workspace/livro-receitas (master)
$ git push origin  master											AQUI , AO FAZER O PUSH , TEMOS O ERRO
To https://github.com/KzmA-MiL/livro-receitas.git
 ! [rejected]        master -> master (fetch first)
error: failed to push some refs to 'https://github.com/KzmA-MiL/livro-receitas.git'
hint: Updates were rejected because the remote contains work that you do
hint: not have locally. This is usually caused by another repository pushing
hint: to the same ref. You may want to first integrate the remote changes
hint: (e.g., 'git pull ...') before pushing again.
hint: See the 'Note about fast-forwards' in 'git push --help' for details.

Kzma_@Kzma-Dell-6JHUJH MINGW64 /c/workspace/livro-receitas (master)
$ git pull origin master												AQUI PUCHAMOS A VERSÃO  DO GITHUB....
remote: Enumerating objects: 5, done.
remote: Counting objects: 100% (5/5), done.
remote: Compressing objects: 100% (3/3), done.
remote: Total 3 (delta 1), reused 0 (delta 0), pack-reused 0
Unpacking objects: 100% (3/3), 693 bytes | 40.00 KiB/s, done.
From https://github.com/KzmA-MiL/livro-receitas
 * branch            master     -> FETCH_HEAD
   e434900..b584568  master     -> origin/master
Auto-merging README.MD														O GITHUB TENTA FUNDIR OS ARQUIVOS...
CONFLICT (content): Merge conflict in README.MD								...MAS NÃO CONSEGUE
Automatic merge failed; fix conflicts and then commit the result.

																			NESSE PONTO ABRIMOS O ARQUIVO CONFLITANTE  VAMOS ANALISSAR E CORRIGIR MANUALMENTE

Kzma_@Kzma-Dell-6JHUJH MINGW64 /c/workspace/livro-receitas (master|MERGING)
$ git status
On branch master
You have unmerged paths.
  (fix conflicts and run "git commit")
  (use "git merge --abort" to abort the merge)

Unmerged paths:
  (use "git add <file>..." to mark resolution)
        both modified:   README.MD										E O GIT AINDA  ENCONTRA O CONFLITO.

no changes added to commit (use "git add" and/or "git commit -a")

Kzma_@Kzma-Dell-6JHUJH MINGW64 /c/workspace/livro-receitas (master|MERGING)
$ git add *																	ENTÃO FAZEMOS UM NOVO ADD

Kzma_@Kzma-Dell-6JHUJH MINGW64 /c/workspace/livro-receitas (master|MERGING)
$ git commit -m "resolve conflitos"											E UM  NOVO COMMIT
[master 94338a9] resolve conflitos

Kzma_@Kzma-Dell-6JHUJH MINGW64 /c/workspace/livro-receitas (master)
$ git status
On branch master
nothing to commit, working tree clean							AQUI TUDO CERTO

Kzma_@Kzma-Dell-6JHUJH MINGW64 /c/workspace/livro-receitas (master)
$ git push origin master												 E AQUI UM NOVO PUSH , SEM ERROS
Enumerating objects: 10, done.
Counting objects: 100% (10/10), done.
Delta compression using up to 8 threads
Compressing objects: 100% (6/6), done.
Writing objects: 100% (6/6), 657 bytes | 328.00 KiB/s, done.
Total 6 (delta 2), reused 0 (delta 0), pack-reused 0
remote: Resolving deltas: 100% (2/2), completed with 1 local object.
To https://github.com/KzmA-MiL/livro-receitas.git
   b584568..94338a9  master -> master

Kzma_@Kzma-Dell-6JHUJH MINGW64 /c/workspace/livro-receitas (master)
$
